
> @figma/my-make-file@0.0.1 build
> next build

   Γû▓ Next.js 15.5.12
   - Environments: .env

